------------------------------------------------------------------------------------------------------------------------

[2025-11-02 18:16:56 #1 store] 
Database 'C:\Users\ikers\git\JUnitTest\JUnitTest\src\main\resources\rides.temp' is opened by 19640@DESKTOP-UM9CPDO

[2025-11-02 18:16:56 #2 type.registry] 
New type domain.Erreklamazioa

[2025-11-02 18:16:56 #3 type] 
Type domain.Erreklamazioa is not enhanced.

[2025-11-02 18:16:56 #4 type.registry] 
New type domain.Mezua

[2025-11-02 18:16:56 #5 type.registry] 
New type domain.Erreserba

[2025-11-02 18:16:56 #6 type.registry] 
New type domain.Admin

[2025-11-02 18:16:56 #7 type.registry] 
New type domain.User

[2025-11-02 18:16:56 #8 type.registry] 
New type domain.Driver

[2025-11-02 18:16:56 #9 type.registry] 
New type domain.Bidaiaria

[2025-11-02 18:16:56 #10 type] 
Type domain.Mezua is not enhanced.

[2025-11-02 18:16:56 #11 type] 
Type domain.Erreserba is not enhanced.

[2025-11-02 18:16:56 #12 type.registry] 
New type domain.Ride

[2025-11-02 18:16:56 #13 type] 
Type domain.Admin is not enhanced.

[2025-11-02 18:16:56 #14 type] 
Type domain.User is not enhanced.

[2025-11-02 18:16:56 #15 type.registry] 
New type domain.Mugimendua

[2025-11-02 18:16:56 #16 type] 
Type domain.Driver is not enhanced.

[2025-11-02 18:16:56 #17 type] 
Type domain.Bidaiaria is not enhanced.

[2025-11-02 18:16:56 #18 type] 
Type domain.Ride is not enhanced.

[2025-11-02 18:16:56 #19 type] 
Type domain.Mugimendua is not enhanced.

[2025-11-02 18:16:56 #20 type.registry] 
New type java.util.Vector<java.lang.Object>

[2025-11-02 18:16:56 #21 type.registry] 
New type java.util.Vector<domain.Mugimendua>

[2025-11-02 18:16:56 #22 type.registry] 
New type java.util.Vector<domain.Erreserba>

[2025-11-02 18:16:56 #23 type.registry] 
New type java.util.Vector<domain.Erreklamazioa>

[2025-11-02 18:16:56 #24 type.registry] 
New type java.util.Vector<domain.Ride>

[2025-11-02 18:16:57 #25 type.registry] 
New type java.util.Vector<domain.Mezua>

------------------------------------------------------------------------------------------------------------------------

[2025-11-02 18:18:38 #1 store] 
Database 'C:\Users\ikers\git\JUnitTest\JUnitTest\src\main\resources\rides.temp' is opened by 17972@DESKTOP-UM9CPDO

[2025-11-02 18:18:38 #2 type.registry] 
New type domain.User

[2025-11-02 18:18:38 #3 type.registry] 
New type domain.Bidaiaria

[2025-11-02 18:18:38 #4 type] 
Type domain.User is not enhanced.

[2025-11-02 18:18:38 #5 type.registry] 
New type domain.Mugimendua

[2025-11-02 18:18:38 #6 type] 
Type domain.Bidaiaria is not enhanced.

[2025-11-02 18:18:38 #7 type.registry] 
New type domain.Erreklamazioa

[2025-11-02 18:18:38 #8 type.registry] 
New type domain.Erreserba

[2025-11-02 18:18:38 #9 type] 
Type domain.Mugimendua is not enhanced.

[2025-11-02 18:18:38 #10 type] 
Type domain.Erreklamazioa is not enhanced.

[2025-11-02 18:18:38 #11 type.registry] 
New type domain.Mezua

[2025-11-02 18:18:38 #12 type.registry] 
New type domain.Admin

[2025-11-02 18:18:38 #13 type.registry] 
New type domain.Driver

[2025-11-02 18:18:38 #14 type] 
Type domain.Erreserba is not enhanced.

[2025-11-02 18:18:38 #15 type.registry] 
New type domain.Ride

[2025-11-02 18:18:38 #16 type] 
Type domain.Mezua is not enhanced.

[2025-11-02 18:18:38 #17 type] 
Type domain.Admin is not enhanced.

[2025-11-02 18:18:38 #18 type] 
Type domain.Driver is not enhanced.

[2025-11-02 18:18:38 #19 type] 
Type domain.Ride is not enhanced.

[2025-11-02 18:18:38 #20 type.registry] 
New type java.util.Vector<java.lang.Object>

[2025-11-02 18:18:38 #21 type.registry] 
New type java.util.Vector<domain.Mugimendua>

[2025-11-02 18:18:38 #22 type.registry] 
New type java.util.Vector<domain.Erreserba>

[2025-11-02 18:18:38 #23 type.registry] 
New type java.util.Vector<domain.Erreklamazioa>

[2025-11-02 18:18:38 #24 type.registry] 
New type java.util.Vector<domain.Ride>

[2025-11-02 18:18:38 #25 type.registry] 
New type java.util.Vector<domain.Mezua>

------------------------------------------------------------------------------------------------------------------------

[2025-11-02 19:28:13 #1 store] 
Database 'C:\Users\ikers\git\JUnitTest\JUnitTest\src\main\resources\rides.temp' is opened by 15888@DESKTOP-UM9CPDO

[2025-11-02 19:28:13 #2 type.registry] 
New type domain.User

[2025-11-02 19:28:13 #3 type.registry] 
New type domain.Bidaiaria

[2025-11-02 19:28:13 #4 type] 
Type domain.User is not enhanced.

[2025-11-02 19:28:13 #5 type.registry] 
New type domain.Mugimendua

[2025-11-02 19:28:13 #6 type] 
Type domain.Bidaiaria is not enhanced.

[2025-11-02 19:28:13 #7 type.registry] 
New type domain.Erreklamazioa

[2025-11-02 19:28:13 #8 type.registry] 
New type domain.Erreserba

[2025-11-02 19:28:13 #9 type] 
Type domain.Mugimendua is not enhanced.

[2025-11-02 19:28:13 #10 type] 
Type domain.Erreklamazioa is not enhanced.

[2025-11-02 19:28:13 #11 type.registry] 
New type domain.Mezua

[2025-11-02 19:28:13 #12 type.registry] 
New type domain.Admin

[2025-11-02 19:28:13 #13 type.registry] 
New type domain.Driver

[2025-11-02 19:28:13 #14 type] 
Type domain.Erreserba is not enhanced.

[2025-11-02 19:28:13 #15 type.registry] 
New type domain.Ride

[2025-11-02 19:28:13 #16 type] 
Type domain.Mezua is not enhanced.

[2025-11-02 19:28:13 #17 type] 
Type domain.Admin is not enhanced.

[2025-11-02 19:28:13 #18 type] 
Type domain.Driver is not enhanced.

[2025-11-02 19:28:13 #19 type] 
Type domain.Ride is not enhanced.

[2025-11-02 19:28:13 #20 type.registry] 
New type java.util.Vector<java.lang.Object>

[2025-11-02 19:28:13 #21 type.registry] 
New type java.util.Vector<domain.Mugimendua>

[2025-11-02 19:28:13 #22 type.registry] 
New type java.util.Vector<domain.Erreserba>

[2025-11-02 19:28:13 #23 type.registry] 
New type java.util.Vector<domain.Erreklamazioa>

[2025-11-02 19:28:13 #24 type.registry] 
New type java.util.Vector<domain.Ride>

[2025-11-02 19:28:13 #25 type.registry] 
New type java.util.Vector<domain.Mezua>

------------------------------------------------------------------------------------------------------------------------

[2025-11-02 19:33:28 #1 store] 
Database 'C:\Users\ikers\git\JUnitTest\JUnitTest\src\main\resources\rides.temp' is opened by 24048@DESKTOP-UM9CPDO

[2025-11-02 19:33:28 #2 type.registry] 
New type domain.User

[2025-11-02 19:33:28 #3 type.registry] 
New type domain.Bidaiaria

[2025-11-02 19:33:28 #4 type] 
Type domain.User is not enhanced.

[2025-11-02 19:33:28 #5 type.registry] 
New type domain.Mugimendua

[2025-11-02 19:33:28 #6 type] 
Type domain.Bidaiaria is not enhanced.

[2025-11-02 19:33:28 #7 type.registry] 
New type domain.Erreklamazioa

[2025-11-02 19:33:28 #8 type.registry] 
New type domain.Erreserba

[2025-11-02 19:33:28 #9 type] 
Type domain.Mugimendua is not enhanced.

[2025-11-02 19:33:28 #10 type] 
Type domain.Erreklamazioa is not enhanced.

[2025-11-02 19:33:28 #11 type.registry] 
New type domain.Mezua

[2025-11-02 19:33:28 #12 type.registry] 
New type domain.Admin

[2025-11-02 19:33:28 #13 type.registry] 
New type domain.Driver

[2025-11-02 19:33:28 #14 type] 
Type domain.Erreserba is not enhanced.

[2025-11-02 19:33:28 #15 type.registry] 
New type domain.Ride

[2025-11-02 19:33:28 #16 type] 
Type domain.Mezua is not enhanced.

[2025-11-02 19:33:28 #17 type] 
Type domain.Admin is not enhanced.

[2025-11-02 19:33:28 #18 type] 
Type domain.Driver is not enhanced.

[2025-11-02 19:33:28 #19 type] 
Type domain.Ride is not enhanced.

[2025-11-02 19:33:28 #20 type.registry] 
New type java.util.Vector<java.lang.Object>

[2025-11-02 19:33:28 #21 type.registry] 
New type java.util.Vector<domain.Mugimendua>

[2025-11-02 19:33:28 #22 type.registry] 
New type java.util.Vector<domain.Erreserba>

[2025-11-02 19:33:28 #23 type.registry] 
New type java.util.Vector<domain.Erreklamazioa>

[2025-11-02 19:33:28 #24 type.registry] 
New type java.util.Vector<domain.Ride>

[2025-11-02 19:33:28 #25 type.registry] 
New type java.util.Vector<domain.Mezua>

------------------------------------------------------------------------------------------------------------------------

[2025-11-02 20:34:53 #1 store] 
Database 'C:\Users\ikers\git\JUnitTest\JUnitTest\src\main\resources\rides.temp' is opened by 17512@DESKTOP-UM9CPDO

[2025-11-02 20:34:53 #2 type.registry] 
New type domain.Erreklamazioa

[2025-11-02 20:34:53 #3 type] 
Type domain.Erreklamazioa is not enhanced.

[2025-11-02 20:34:53 #4 type.registry] 
New type domain.Mezua

[2025-11-02 20:34:53 #5 type.registry] 
New type domain.Erreserba

[2025-11-02 20:34:53 #6 type.registry] 
New type domain.Admin

[2025-11-02 20:34:53 #7 type.registry] 
New type domain.User

[2025-11-02 20:34:53 #8 type.registry] 
New type domain.Driver

[2025-11-02 20:34:53 #9 type.registry] 
New type domain.Bidaiaria

[2025-11-02 20:34:53 #10 type] 
Type domain.Mezua is not enhanced.

[2025-11-02 20:34:53 #11 type] 
Type domain.Erreserba is not enhanced.

[2025-11-02 20:34:53 #12 type.registry] 
New type domain.Ride

[2025-11-02 20:34:53 #13 type] 
Type domain.Admin is not enhanced.

[2025-11-02 20:34:53 #14 type] 
Type domain.User is not enhanced.

[2025-11-02 20:34:53 #15 type.registry] 
New type domain.Mugimendua

[2025-11-02 20:34:53 #16 type] 
Type domain.Driver is not enhanced.

[2025-11-02 20:34:53 #17 type] 
Type domain.Bidaiaria is not enhanced.

[2025-11-02 20:34:53 #18 type] 
Type domain.Ride is not enhanced.

[2025-11-02 20:34:53 #19 type] 
Type domain.Mugimendua is not enhanced.

[2025-11-02 20:34:53 #20 type.registry] 
New type java.util.Vector<java.lang.Object>

[2025-11-02 20:34:53 #21 type.registry] 
New type java.util.Vector<domain.Mugimendua>

[2025-11-02 20:34:53 #22 type.registry] 
New type java.util.Vector<domain.Erreserba>

[2025-11-02 20:34:53 #23 type.registry] 
New type java.util.Vector<domain.Erreklamazioa>

[2025-11-02 20:34:53 #24 type.registry] 
New type java.util.Vector<domain.Ride>

[2025-11-02 20:34:53 #25 type.registry] 
New type java.util.Vector<domain.Mezua>

------------------------------------------------------------------------------------------------------------------------

[2025-11-02 20:35:38 #1 store] 
Database 'C:\Users\ikers\git\JUnitTest\JUnitTest\src\main\resources\rides.temp' is opened by 20180@DESKTOP-UM9CPDO

[2025-11-02 20:35:38 #2 type.registry] 
New type domain.Erreklamazioa

[2025-11-02 20:35:38 #3 type] 
Type domain.Erreklamazioa is not enhanced.

[2025-11-02 20:35:38 #4 type.registry] 
New type domain.Mezua

[2025-11-02 20:35:38 #5 type.registry] 
New type domain.Erreserba

[2025-11-02 20:35:38 #6 type.registry] 
New type domain.Admin

[2025-11-02 20:35:38 #7 type.registry] 
New type domain.User

[2025-11-02 20:35:38 #8 type.registry] 
New type domain.Driver

[2025-11-02 20:35:38 #9 type.registry] 
New type domain.Bidaiaria

[2025-11-02 20:35:38 #10 type] 
Type domain.Mezua is not enhanced.

[2025-11-02 20:35:38 #11 type] 
Type domain.Erreserba is not enhanced.

[2025-11-02 20:35:38 #12 type.registry] 
New type domain.Ride

[2025-11-02 20:35:38 #13 type] 
Type domain.Admin is not enhanced.

[2025-11-02 20:35:38 #14 type] 
Type domain.User is not enhanced.

[2025-11-02 20:35:38 #15 type.registry] 
New type domain.Mugimendua

[2025-11-02 20:35:38 #16 type] 
Type domain.Driver is not enhanced.

[2025-11-02 20:35:38 #17 type] 
Type domain.Bidaiaria is not enhanced.

[2025-11-02 20:35:38 #18 type] 
Type domain.Ride is not enhanced.

[2025-11-02 20:35:38 #19 type] 
Type domain.Mugimendua is not enhanced.

[2025-11-02 20:35:38 #20 type.registry] 
New type java.util.Vector<java.lang.Object>

[2025-11-02 20:35:38 #21 type.registry] 
New type java.util.Vector<domain.Mugimendua>

[2025-11-02 20:35:38 #22 type.registry] 
New type java.util.Vector<domain.Erreserba>

[2025-11-02 20:35:38 #23 type.registry] 
New type java.util.Vector<domain.Erreklamazioa>

[2025-11-02 20:35:38 #24 type.registry] 
New type java.util.Vector<domain.Ride>

[2025-11-02 20:35:38 #25 type.registry] 
New type java.util.Vector<domain.Mezua>

------------------------------------------------------------------------------------------------------------------------

[2025-11-02 20:36:05 #1 store] 
Database 'C:\Users\ikers\git\JUnitTest\JUnitTest\src\main\resources\rides.temp' is opened by 25516@DESKTOP-UM9CPDO

[2025-11-02 20:36:05 #2 type.registry] 
New type domain.User

[2025-11-02 20:36:05 #3 type.registry] 
New type domain.Bidaiaria

[2025-11-02 20:36:05 #4 type] 
Type domain.User is not enhanced.

[2025-11-02 20:36:05 #5 type.registry] 
New type domain.Mugimendua

[2025-11-02 20:36:05 #6 type] 
Type domain.Bidaiaria is not enhanced.

[2025-11-02 20:36:05 #7 type.registry] 
New type domain.Erreklamazioa

[2025-11-02 20:36:05 #8 type.registry] 
New type domain.Erreserba

[2025-11-02 20:36:05 #9 type] 
Type domain.Mugimendua is not enhanced.

[2025-11-02 20:36:05 #10 type] 
Type domain.Erreklamazioa is not enhanced.

[2025-11-02 20:36:05 #11 type.registry] 
New type domain.Mezua

[2025-11-02 20:36:05 #12 type.registry] 
New type domain.Admin

[2025-11-02 20:36:05 #13 type.registry] 
New type domain.Driver

[2025-11-02 20:36:05 #14 type] 
Type domain.Erreserba is not enhanced.

[2025-11-02 20:36:05 #15 type.registry] 
New type domain.Ride

[2025-11-02 20:36:05 #16 type] 
Type domain.Mezua is not enhanced.

[2025-11-02 20:36:05 #17 type] 
Type domain.Admin is not enhanced.

[2025-11-02 20:36:05 #18 type] 
Type domain.Driver is not enhanced.

[2025-11-02 20:36:05 #19 type] 
Type domain.Ride is not enhanced.

[2025-11-02 20:36:05 #20 type.registry] 
New type java.util.Vector<java.lang.Object>

[2025-11-02 20:36:05 #21 type.registry] 
New type java.util.Vector<domain.Mugimendua>

[2025-11-02 20:36:05 #22 type.registry] 
New type java.util.Vector<domain.Erreserba>

[2025-11-02 20:36:05 #23 type.registry] 
New type java.util.Vector<domain.Erreklamazioa>

[2025-11-02 20:36:05 #24 type.registry] 
New type java.util.Vector<domain.Ride>

[2025-11-02 20:36:05 #25 type.registry] 
New type java.util.Vector<domain.Mezua>

------------------------------------------------------------------------------------------------------------------------

[2025-11-02 20:37:03 #1 store] 
Database 'C:\Users\ikers\git\JUnitTest\JUnitTest\src\main\resources\rides.temp' is opened by 16152@DESKTOP-UM9CPDO

[2025-11-02 20:37:03 #2 type.registry] 
New type domain.User

[2025-11-02 20:37:03 #3 type.registry] 
New type domain.Bidaiaria

[2025-11-02 20:37:03 #4 type] 
Type domain.User is not enhanced.

[2025-11-02 20:37:03 #5 type.registry] 
New type domain.Mugimendua

[2025-11-02 20:37:03 #6 type] 
Type domain.Bidaiaria is not enhanced.

[2025-11-02 20:37:03 #7 type.registry] 
New type domain.Erreklamazioa

[2025-11-02 20:37:03 #8 type.registry] 
New type domain.Erreserba

[2025-11-02 20:37:03 #9 type] 
Type domain.Mugimendua is not enhanced.

[2025-11-02 20:37:03 #10 type] 
Type domain.Erreklamazioa is not enhanced.

[2025-11-02 20:37:03 #11 type.registry] 
New type domain.Mezua

[2025-11-02 20:37:03 #12 type.registry] 
New type domain.Admin

[2025-11-02 20:37:03 #13 type.registry] 
New type domain.Driver

[2025-11-02 20:37:03 #14 type] 
Type domain.Erreserba is not enhanced.

[2025-11-02 20:37:03 #15 type.registry] 
New type domain.Ride

[2025-11-02 20:37:03 #16 type] 
Type domain.Mezua is not enhanced.

[2025-11-02 20:37:03 #17 type] 
Type domain.Admin is not enhanced.

[2025-11-02 20:37:03 #18 type] 
Type domain.Driver is not enhanced.

[2025-11-02 20:37:03 #19 type] 
Type domain.Ride is not enhanced.

[2025-11-02 20:37:03 #20 type.registry] 
New type java.util.Vector<java.lang.Object>

[2025-11-02 20:37:03 #21 type.registry] 
New type java.util.Vector<domain.Mugimendua>

[2025-11-02 20:37:03 #22 type.registry] 
New type java.util.Vector<domain.Erreserba>

[2025-11-02 20:37:03 #23 type.registry] 
New type java.util.Vector<domain.Erreklamazioa>

[2025-11-02 20:37:03 #24 type.registry] 
New type java.util.Vector<domain.Ride>

[2025-11-02 20:37:03 #25 type.registry] 
New type java.util.Vector<domain.Mezua>

------------------------------------------------------------------------------------------------------------------------

[2025-11-02 20:40:38 #1 store] 
Database 'C:\Users\ikers\git\JUnitTest\JUnitTest\src\main\resources\rides.temp' is opened by 8960@DESKTOP-UM9CPDO

[2025-11-02 20:40:38 #2 type.registry] 
New type domain.Erreklamazioa

[2025-11-02 20:40:38 #3 type] 
Type domain.Erreklamazioa is not enhanced.

[2025-11-02 20:40:38 #4 type.registry] 
New type domain.Mezua

[2025-11-02 20:40:38 #5 type.registry] 
New type domain.Erreserba

[2025-11-02 20:40:38 #6 type.registry] 
New type domain.Admin

[2025-11-02 20:40:38 #7 type.registry] 
New type domain.User

[2025-11-02 20:40:38 #8 type.registry] 
New type domain.Driver

[2025-11-02 20:40:38 #9 type.registry] 
New type domain.Bidaiaria

[2025-11-02 20:40:38 #10 type] 
Type domain.Mezua is not enhanced.

[2025-11-02 20:40:38 #11 type] 
Type domain.Erreserba is not enhanced.

[2025-11-02 20:40:38 #12 type.registry] 
New type domain.Ride

[2025-11-02 20:40:38 #13 type] 
Type domain.Admin is not enhanced.

[2025-11-02 20:40:38 #14 type] 
Type domain.User is not enhanced.

[2025-11-02 20:40:38 #15 type.registry] 
New type domain.Mugimendua

[2025-11-02 20:40:38 #16 type] 
Type domain.Driver is not enhanced.

[2025-11-02 20:40:38 #17 type] 
Type domain.Bidaiaria is not enhanced.

[2025-11-02 20:40:38 #18 type] 
Type domain.Ride is not enhanced.

[2025-11-02 20:40:38 #19 type] 
Type domain.Mugimendua is not enhanced.

[2025-11-02 20:40:38 #20 type.registry] 
New type java.util.Vector<java.lang.Object>

[2025-11-02 20:40:38 #21 type.registry] 
New type java.util.Vector<domain.Mugimendua>

[2025-11-02 20:40:38 #22 type.registry] 
New type java.util.Vector<domain.Erreserba>

[2025-11-02 20:40:38 #23 type.registry] 
New type java.util.Vector<domain.Erreklamazioa>

[2025-11-02 20:40:38 #24 type.registry] 
New type java.util.Vector<domain.Ride>

[2025-11-02 20:40:38 #25 type.registry] 
New type java.util.Vector<domain.Mezua>

------------------------------------------------------------------------------------------------------------------------

[2025-11-02 20:45:09 #1 store] 
Database 'C:\Users\ikers\git\JUnitTest\JUnitTest\src\main\resources\rides.temp' is opened by 14816@DESKTOP-UM9CPDO

[2025-11-02 20:45:09 #2 type.registry] 
New type domain.Erreklamazioa

[2025-11-02 20:45:09 #3 type] 
Type domain.Erreklamazioa is not enhanced.

[2025-11-02 20:45:09 #4 type.registry] 
New type domain.Mezua

[2025-11-02 20:45:09 #5 type.registry] 
New type domain.Erreserba

[2025-11-02 20:45:09 #6 type.registry] 
New type domain.Admin

[2025-11-02 20:45:09 #7 type.registry] 
New type domain.User

[2025-11-02 20:45:09 #8 type.registry] 
New type domain.Driver

[2025-11-02 20:45:09 #9 type.registry] 
New type domain.Bidaiaria

[2025-11-02 20:45:09 #10 type] 
Type domain.Mezua is not enhanced.

[2025-11-02 20:45:09 #11 type] 
Type domain.Erreserba is not enhanced.

[2025-11-02 20:45:09 #12 type.registry] 
New type domain.Ride

[2025-11-02 20:45:09 #13 type] 
Type domain.Admin is not enhanced.

[2025-11-02 20:45:09 #14 type] 
Type domain.User is not enhanced.

[2025-11-02 20:45:09 #15 type.registry] 
New type domain.Mugimendua

[2025-11-02 20:45:09 #16 type] 
Type domain.Driver is not enhanced.

[2025-11-02 20:45:09 #17 type] 
Type domain.Bidaiaria is not enhanced.

[2025-11-02 20:45:09 #18 type] 
Type domain.Ride is not enhanced.

[2025-11-02 20:45:09 #19 type] 
Type domain.Mugimendua is not enhanced.

[2025-11-02 20:45:09 #20 type.registry] 
New type java.util.Vector<java.lang.Object>

[2025-11-02 20:45:09 #21 type.registry] 
New type java.util.Vector<domain.Mugimendua>

[2025-11-02 20:45:09 #22 type.registry] 
New type java.util.Vector<domain.Erreserba>

[2025-11-02 20:45:09 #23 type.registry] 
New type java.util.Vector<domain.Erreklamazioa>

[2025-11-02 20:45:09 #24 type.registry] 
New type java.util.Vector<domain.Ride>

[2025-11-02 20:45:09 #25 type.registry] 
New type java.util.Vector<domain.Mezua>

------------------------------------------------------------------------------------------------------------------------

[2025-11-02 20:51:10 #1 store] 
Database 'C:\Users\ikers\git\JUnitTest\JUnitTest\src\main\resources\rides.temp' is opened by 4620@DESKTOP-UM9CPDO

[2025-11-02 20:51:10 #2 type.registry] 
New type domain.User

[2025-11-02 20:51:10 #3 type.registry] 
New type domain.Bidaiaria

[2025-11-02 20:51:10 #4 type] 
Type domain.User is not enhanced.

[2025-11-02 20:51:10 #5 type.registry] 
New type domain.Mugimendua

[2025-11-02 20:51:10 #6 type] 
Type domain.Bidaiaria is not enhanced.

[2025-11-02 20:51:10 #7 type.registry] 
New type domain.Erreklamazioa

[2025-11-02 20:51:10 #8 type.registry] 
New type domain.Erreserba

[2025-11-02 20:51:10 #9 type] 
Type domain.Mugimendua is not enhanced.

[2025-11-02 20:51:10 #10 type] 
Type domain.Erreklamazioa is not enhanced.

[2025-11-02 20:51:10 #11 type.registry] 
New type domain.Mezua

[2025-11-02 20:51:10 #12 type.registry] 
New type domain.Admin

[2025-11-02 20:51:10 #13 type.registry] 
New type domain.Driver

[2025-11-02 20:51:10 #14 type] 
Type domain.Erreserba is not enhanced.

[2025-11-02 20:51:10 #15 type.registry] 
New type domain.Ride

[2025-11-02 20:51:10 #16 type] 
Type domain.Mezua is not enhanced.

[2025-11-02 20:51:10 #17 type] 
Type domain.Admin is not enhanced.

[2025-11-02 20:51:10 #18 type] 
Type domain.Driver is not enhanced.

[2025-11-02 20:51:10 #19 type] 
Type domain.Ride is not enhanced.

[2025-11-02 20:51:10 #20 type.registry] 
New type java.util.Vector<java.lang.Object>

[2025-11-02 20:51:10 #21 type.registry] 
New type java.util.Vector<domain.Mugimendua>

[2025-11-02 20:51:10 #22 type.registry] 
New type java.util.Vector<domain.Erreserba>

[2025-11-02 20:51:10 #23 type.registry] 
New type java.util.Vector<domain.Erreklamazioa>

[2025-11-02 20:51:10 #24 type.registry] 
New type java.util.Vector<domain.Ride>

[2025-11-02 20:51:10 #25 type.registry] 
New type java.util.Vector<domain.Mezua>

------------------------------------------------------------------------------------------------------------------------

[2025-11-02 20:52:46 #1 store] 
Database 'C:\Users\ikers\git\JUnitTest\JUnitTest\src\main\resources\rides.temp' is opened by 17984@DESKTOP-UM9CPDO

[2025-11-02 20:52:46 #2 type.registry] 
New type domain.Erreklamazioa

[2025-11-02 20:52:46 #3 type] 
Type domain.Erreklamazioa is not enhanced.

[2025-11-02 20:52:46 #4 type.registry] 
New type domain.Mezua

[2025-11-02 20:52:46 #5 type.registry] 
New type domain.Erreserba

[2025-11-02 20:52:46 #6 type.registry] 
New type domain.Admin

[2025-11-02 20:52:46 #7 type.registry] 
New type domain.User

[2025-11-02 20:52:46 #8 type.registry] 
New type domain.Driver

[2025-11-02 20:52:46 #9 type.registry] 
New type domain.Bidaiaria

[2025-11-02 20:52:46 #10 type] 
Type domain.Mezua is not enhanced.

[2025-11-02 20:52:46 #11 type] 
Type domain.Erreserba is not enhanced.

[2025-11-02 20:52:46 #12 type.registry] 
New type domain.Ride

[2025-11-02 20:52:46 #13 type] 
Type domain.Admin is not enhanced.

[2025-11-02 20:52:46 #14 type] 
Type domain.User is not enhanced.

[2025-11-02 20:52:46 #15 type.registry] 
New type domain.Mugimendua

[2025-11-02 20:52:46 #16 type] 
Type domain.Driver is not enhanced.

[2025-11-02 20:52:46 #17 type] 
Type domain.Bidaiaria is not enhanced.

[2025-11-02 20:52:46 #18 type] 
Type domain.Ride is not enhanced.

[2025-11-02 20:52:46 #19 type] 
Type domain.Mugimendua is not enhanced.

[2025-11-02 20:52:46 #20 type.registry] 
New type java.util.Vector<java.lang.Object>

[2025-11-02 20:52:46 #21 type.registry] 
New type java.util.Vector<domain.Mugimendua>

[2025-11-02 20:52:46 #22 type.registry] 
New type java.util.Vector<domain.Erreserba>

[2025-11-02 20:52:46 #23 type.registry] 
New type java.util.Vector<domain.Erreklamazioa>

[2025-11-02 20:52:46 #24 type.registry] 
New type java.util.Vector<domain.Ride>

[2025-11-02 20:52:46 #25 type.registry] 
New type java.util.Vector<domain.Mezua>

